// Code generated by testifylint/internal/testgen. DO NOT EDIT.

package regexp

import (
	"regexp"
	"testing"

	"github.com/stretchr/testify/assert"
)

func TestRegexpChecker(t *testing.T) {
	var out string

	// Invalid.
	{
		assert.Regexp(t, `\[.*\] DEBUG \(.*TestNew.*\): message`, out)                                   // want "regexp: remove unnecessary regexp\\.MustCompile"
		assert.Regexpf(t, `\[.*\] DEBUG \(.*TestNew.*\): message`, out, "msg with args %d %s", 42, "42") // want "regexp: remove unnecessary regexp\\.MustCompile"
		assert.NotRegexp(t, `\[.*\] TRACE message`, out)                                                 // want "regexp: remove unnecessary regexp\\.MustCompile"
		assert.NotRegexpf(t, `\[.*\] TRACE message`, out, "msg with args %d %s", 42, "42")               // want "regexp: remove unnecessary regexp\\.MustCompile"
	}

	// Valid.
	{
		assert.Regexp(t, `\[.*\] DEBUG \(.*TestNew.*\): message`, out)
		assert.Regexpf(t, `\[.*\] DEBUG \(.*TestNew.*\): message`, out, "msg with args %d %s", 42, "42")
		assert.NotRegexp(t, `\[.*\] TRACE message`, out)
		assert.NotRegexpf(t, `\[.*\] TRACE message`, out, "msg with args %d %s", 42, "42")
	}
}
