// Code generated by testifylint/internal/testgen. DO NOT EDIT.

package uselessimport

import (
	"testing"
)

func TestDummy(t *testing.T) {
	dummy := 1 + 3
	if dummy != 4 {
		t.Errorf("Dummy should return %d, but got %d", 4, dummy)
	}
}
