// Code generated by testifylint/internal/testgen. DO NOT EDIT.

package boolcompare

import (
	"testing"

	"github.com/stretchr/testify/assert"
)

func TestBoolCompareChecker(t *testing.T) {
	var predicate bool

	// assert.True cases.
	{
		// Invalid.
		assert.True(t, predicate) // want "bool-compare: use assert\\.True"
		assert.True(t, predicate) // want "bool-compare: use assert\\.True"
		assert.True(t, predicate) // want "bool-compare: use assert\\.True"
		assert.True(t, predicate) // want "bool-compare: use assert\\.True"
		assert.True(t, predicate) // want "bool-compare: need to simplify the check"
		assert.True(t, predicate) // want "bool-compare: need to simplify the check"
		assert.True(t, predicate) // want "bool-compare: use assert\\.True"
		assert.True(t, predicate) // want "bool-compare: use assert\\.True"
		assert.True(t, predicate) // want "bool-compare: use assert\\.True"
		assert.True(t, predicate) // want "bool-compare: use assert\\.True"
		assert.True(t, predicate) // want "bool-compare: need to simplify the check"
		assert.True(t, predicate) // want "bool-compare: need to simplify the check"
		assert.True(t, predicate) // want "bool-compare: use assert\\.True"

		// Valid.
		assert.True(t, predicate)
	}

	// assert.False cases.
	{
		// Invalid.
		assert.False(t, predicate) // want "bool-compare: use assert\\.False"
		assert.False(t, predicate) // want "bool-compare: use assert\\.False"
		assert.False(t, predicate) // want "bool-compare: use assert\\.False"
		assert.False(t, predicate) // want "bool-compare: use assert\\.False"
		assert.False(t, predicate) // want "bool-compare: need to simplify the check"
		assert.False(t, predicate) // want "bool-compare: need to simplify the check"
		assert.False(t, predicate) // want "bool-compare: use assert\\.False"
		assert.False(t, predicate) // want "bool-compare: use assert\\.False"
		assert.False(t, predicate) // want "bool-compare: use assert\\.False"
		assert.False(t, predicate) // want "bool-compare: use assert\\.False"
		assert.False(t, predicate) // want "bool-compare: need to simplify the check"
		assert.False(t, predicate) // want "bool-compare: need to simplify the check"
		assert.False(t, predicate) // want "bool-compare: use assert\\.False"

		// Valid.
		assert.False(t, predicate)
	}
}
