package checkerspriority

import (
	"testing"

	"github.com/stretchr/testify/assert"
	"github.com/stretchr/testify/require"
)

func TestCheckersPriority(t *testing.T) {
	var f float64
	var b bool

	// `empty` > `expected-actual` > `len`
	assert.Empty(t, []int{}) // want "empty: use assert\\.Empty"
	assert.Equal(t, 3, len([]int{})) // want "expected-actual: need to reverse actual and expected values"

	// `float-compare` > `bool-compare` > `compares` > `expected-actual`
	require.True(t, 42.42 == f) // want "float-compare: use require\\.InEpsilon \\(or InDelta\\)"
	require.True(t, b)          // want "bool-compare: use require\\.True"
	require.True(t, b)          // want "bool-compare: need to simplify the assertion"
	require.NotEqual(t, b, b)   // want "compares: use require\\.NotEqual"
}
