// Code generated by testifylint/internal/testgen. DO NOT EDIT.

package boolcompare

import (
	"testing"

	"github.com/stretchr/testify/assert"
)

func TestBoolCompareChecker(t *testing.T) {
	var predicate bool
	result := map[string]any{}

	// assert.True cases.
	{
		// Invalid.
		assert.True(t, predicate)                                               // want "bool-compare: use assert\\.True"
		assert.Truef(t, predicate, "msg with args %d %s", 42, "42")             // want "bool-compare: use assert\\.Truef"
		assert.True(t, predicate)                                               // want "bool-compare: use assert\\.True"
		assert.Truef(t, predicate, "msg with args %d %s", 42, "42")             // want "bool-compare: use assert\\.Truef"
		assert.True(t, predicate)                                               // want "bool-compare: use assert\\.True"
		assert.Truef(t, predicate, "msg with args %d %s", 42, "42")             // want "bool-compare: use assert\\.Truef"
		assert.True(t, predicate)                                               // want "bool-compare: use assert\\.True"
		assert.Truef(t, predicate, "msg with args %d %s", 42, "42")             // want "bool-compare: use assert\\.Truef"
		assert.True(t, predicate)                                               // want "bool-compare: use assert\\.True"
		assert.Truef(t, predicate, "msg with args %d %s", 42, "42")             // want "bool-compare: use assert\\.Truef"
		assert.True(t, predicate)                                               // want "bool-compare: use assert\\.True"
		assert.Truef(t, predicate, "msg with args %d %s", 42, "42")             // want "bool-compare: use assert\\.Truef"
		assert.True(t, predicate)                                               // want "bool-compare: use assert\\.True"
		assert.Truef(t, predicate, "msg with args %d %s", 42, "42")             // want "bool-compare: use assert\\.Truef"
		assert.True(t, predicate)                                               // want "bool-compare: use assert\\.True"
		assert.Truef(t, predicate, "msg with args %d %s", 42, "42")             // want "bool-compare: use assert\\.Truef"
		assert.True(t, predicate)                                               // want "bool-compare: use assert\\.True"
		assert.Truef(t, predicate, "msg with args %d %s", 42, "42")             // want "bool-compare: use assert\\.Truef"
		assert.True(t, predicate)                                               // want "bool-compare: use assert\\.True"
		assert.Truef(t, predicate, "msg with args %d %s", 42, "42")             // want "bool-compare: use assert\\.Truef"
		assert.True(t, predicate)                                               // want "bool-compare: need to simplify the assertion"
		assert.Truef(t, predicate, "msg with args %d %s", 42, "42")             // want "bool-compare: need to simplify the assertion"
		assert.True(t, predicate)                                               // want "bool-compare: need to simplify the assertion"
		assert.Truef(t, predicate, "msg with args %d %s", 42, "42")             // want "bool-compare: need to simplify the assertion"
		assert.True(t, predicate)                                               // want "bool-compare: use assert\\.True"
		assert.Truef(t, predicate, "msg with args %d %s", 42, "42")             // want "bool-compare: use assert\\.Truef"
		assert.True(t, predicate)                                               // want "bool-compare: use assert\\.True"
		assert.Truef(t, predicate, "msg with args %d %s", 42, "42")             // want "bool-compare: use assert\\.Truef"
		assert.True(t, predicate)                                               // want "bool-compare: use assert\\.True"
		assert.Truef(t, predicate, "msg with args %d %s", 42, "42")             // want "bool-compare: use assert\\.Truef"
		assert.True(t, predicate)                                               // want "bool-compare: use assert\\.True"
		assert.Truef(t, predicate, "msg with args %d %s", 42, "42")             // want "bool-compare: use assert\\.Truef"
		assert.True(t, predicate)                                               // want "bool-compare: need to simplify the assertion"
		assert.Truef(t, predicate, "msg with args %d %s", 42, "42")             // want "bool-compare: need to simplify the assertion"
		assert.True(t, predicate)                                               // want "bool-compare: need to simplify the assertion"
		assert.Truef(t, predicate, "msg with args %d %s", 42, "42")             // want "bool-compare: need to simplify the assertion"
		assert.True(t, predicate)                                               // want "bool-compare: use assert\\.True"
		assert.Truef(t, predicate, "msg with args %d %s", 42, "42")             // want "bool-compare: use assert\\.Truef"
		assert.True(t, result["flag"].(bool))                                   // want "bool-compare: use assert\\.True"
		assert.Truef(t, result["flag"].(bool), "msg with args %d %s", 42, "42") // want "bool-compare: use assert\\.Truef"

		// Valid.
		assert.True(t, predicate)
		assert.Truef(t, predicate, "msg with args %d %s", 42, "42")
	}

	// assert.False cases.
	{
		// Invalid.
		assert.False(t, predicate)                                               // want "bool-compare: use assert\\.False"
		assert.Falsef(t, predicate, "msg with args %d %s", 42, "42")             // want "bool-compare: use assert\\.Falsef"
		assert.False(t, predicate)                                               // want "bool-compare: use assert\\.False"
		assert.Falsef(t, predicate, "msg with args %d %s", 42, "42")             // want "bool-compare: use assert\\.Falsef"
		assert.False(t, predicate)                                               // want "bool-compare: use assert\\.False"
		assert.Falsef(t, predicate, "msg with args %d %s", 42, "42")             // want "bool-compare: use assert\\.Falsef"
		assert.False(t, predicate)                                               // want "bool-compare: use assert\\.False"
		assert.Falsef(t, predicate, "msg with args %d %s", 42, "42")             // want "bool-compare: use assert\\.Falsef"
		assert.False(t, predicate)                                               // want "bool-compare: use assert\\.False"
		assert.Falsef(t, predicate, "msg with args %d %s", 42, "42")             // want "bool-compare: use assert\\.Falsef"
		assert.False(t, predicate)                                               // want "bool-compare: use assert\\.False"
		assert.Falsef(t, predicate, "msg with args %d %s", 42, "42")             // want "bool-compare: use assert\\.Falsef"
		assert.False(t, predicate)                                               // want "bool-compare: use assert\\.False"
		assert.Falsef(t, predicate, "msg with args %d %s", 42, "42")             // want "bool-compare: use assert\\.Falsef"
		assert.False(t, predicate)                                               // want "bool-compare: use assert\\.False"
		assert.Falsef(t, predicate, "msg with args %d %s", 42, "42")             // want "bool-compare: use assert\\.Falsef"
		assert.False(t, predicate)                                               // want "bool-compare: use assert\\.False"
		assert.Falsef(t, predicate, "msg with args %d %s", 42, "42")             // want "bool-compare: use assert\\.Falsef"
		assert.False(t, predicate)                                               // want "bool-compare: use assert\\.False"
		assert.Falsef(t, predicate, "msg with args %d %s", 42, "42")             // want "bool-compare: use assert\\.Falsef"
		assert.False(t, predicate)                                               // want "bool-compare: need to simplify the assertion"
		assert.Falsef(t, predicate, "msg with args %d %s", 42, "42")             // want "bool-compare: need to simplify the assertion"
		assert.False(t, predicate)                                               // want "bool-compare: need to simplify the assertion"
		assert.Falsef(t, predicate, "msg with args %d %s", 42, "42")             // want "bool-compare: need to simplify the assertion"
		assert.False(t, predicate)                                               // want "bool-compare: use assert\\.False"
		assert.Falsef(t, predicate, "msg with args %d %s", 42, "42")             // want "bool-compare: use assert\\.Falsef"
		assert.False(t, predicate)                                               // want "bool-compare: use assert\\.False"
		assert.Falsef(t, predicate, "msg with args %d %s", 42, "42")             // want "bool-compare: use assert\\.Falsef"
		assert.False(t, predicate)                                               // want "bool-compare: use assert\\.False"
		assert.Falsef(t, predicate, "msg with args %d %s", 42, "42")             // want "bool-compare: use assert\\.Falsef"
		assert.False(t, predicate)                                               // want "bool-compare: use assert\\.False"
		assert.Falsef(t, predicate, "msg with args %d %s", 42, "42")             // want "bool-compare: use assert\\.Falsef"
		assert.False(t, predicate)                                               // want "bool-compare: need to simplify the assertion"
		assert.Falsef(t, predicate, "msg with args %d %s", 42, "42")             // want "bool-compare: need to simplify the assertion"
		assert.False(t, predicate)                                               // want "bool-compare: need to simplify the assertion"
		assert.Falsef(t, predicate, "msg with args %d %s", 42, "42")             // want "bool-compare: need to simplify the assertion"
		assert.False(t, predicate)                                               // want "bool-compare: use assert\\.False"
		assert.Falsef(t, predicate, "msg with args %d %s", 42, "42")             // want "bool-compare: use assert\\.Falsef"
		assert.False(t, result["flag"].(bool))                                   // want "bool-compare: use assert\\.False"
		assert.Falsef(t, result["flag"].(bool), "msg with args %d %s", 42, "42") // want "bool-compare: use assert\\.Falsef"

		// Valid.
		assert.False(t, predicate)
		assert.Falsef(t, predicate, "msg with args %d %s", 42, "42")
	}
}

func TestBoolCompareChecker_Ignored(t *testing.T) {
	var predicate bool
	var foo any
	result := map[string]any{}

	foo = true
	assert.Equal(t, true, foo)

	assert.Equal(t, true, true)
	assert.Equalf(t, true, true, "msg with args %d %s", 42, "42")
	assert.Equal(t, false, false)
	assert.Equalf(t, false, false, "msg with args %d %s", 42, "42")
	assert.NotEqual(t, true, true)
	assert.NotEqualf(t, true, true, "msg with args %d %s", 42, "42")
	assert.NotEqual(t, false, false)
	assert.NotEqualf(t, false, false, "msg with args %d %s", 42, "42")
	assert.True(t, true == true)
	assert.Truef(t, true == true, "msg with args %d %s", 42, "42")
	assert.True(t, false == false)
	assert.Truef(t, false == false, "msg with args %d %s", 42, "42")
	assert.False(t, true == true)
	assert.Falsef(t, true == true, "msg with args %d %s", 42, "42")
	assert.False(t, false == false)
	assert.Falsef(t, false == false, "msg with args %d %s", 42, "42")
	assert.True(t, true != true)
	assert.Truef(t, true != true, "msg with args %d %s", 42, "42")
	assert.True(t, false != false)
	assert.Truef(t, false != false, "msg with args %d %s", 42, "42")
	assert.False(t, true != true)
	assert.Falsef(t, true != true, "msg with args %d %s", 42, "42")
	assert.False(t, false != false)
	assert.Falsef(t, false != false, "msg with args %d %s", 42, "42")
	assert.Equal(t, predicate, predicate)
	assert.Equalf(t, predicate, predicate, "msg with args %d %s", 42, "42")
	assert.NotEqual(t, predicate, predicate)
	assert.NotEqualf(t, predicate, predicate, "msg with args %d %s", 42, "42")
	assert.True(t, predicate == predicate)
	assert.Truef(t, predicate == predicate, "msg with args %d %s", 42, "42")
	assert.False(t, predicate == predicate)
	assert.Falsef(t, predicate == predicate, "msg with args %d %s", 42, "42")
	assert.True(t, predicate != predicate)
	assert.Truef(t, predicate != predicate, "msg with args %d %s", 42, "42")
	assert.False(t, predicate != predicate)
	assert.Falsef(t, predicate != predicate, "msg with args %d %s", 42, "42")
	assert.Equal(t, true, result["flag"])
	assert.Equalf(t, true, result["flag"], "msg with args %d %s", 42, "42")
	assert.Equal(t, result["flag"], true)
	assert.Equalf(t, result["flag"], true, "msg with args %d %s", 42, "42")
	assert.Equal(t, false, result["flag"])
	assert.Equalf(t, false, result["flag"], "msg with args %d %s", 42, "42")
	assert.Equal(t, result["flag"], false)
	assert.Equalf(t, result["flag"], false, "msg with args %d %s", 42, "42")
	assert.NotEqual(t, true, result["flag"])
	assert.NotEqualf(t, true, result["flag"], "msg with args %d %s", 42, "42")
	assert.NotEqual(t, result["flag"], true)
	assert.NotEqualf(t, result["flag"], true, "msg with args %d %s", 42, "42")
	assert.NotEqual(t, false, result["flag"])
	assert.NotEqualf(t, false, result["flag"], "msg with args %d %s", 42, "42")
	assert.NotEqual(t, result["flag"], false)
	assert.NotEqualf(t, result["flag"], false, "msg with args %d %s", 42, "42")
	assert.True(t, true == result["flag"])
	assert.Truef(t, true == result["flag"], "msg with args %d %s", 42, "42")
	assert.True(t, result["flag"] == true)
	assert.Truef(t, result["flag"] == true, "msg with args %d %s", 42, "42")
	assert.True(t, false == result["flag"])
	assert.Truef(t, false == result["flag"], "msg with args %d %s", 42, "42")
	assert.True(t, result["flag"] == false)
	assert.Truef(t, result["flag"] == false, "msg with args %d %s", 42, "42")
	assert.False(t, true == result["flag"])
	assert.Falsef(t, true == result["flag"], "msg with args %d %s", 42, "42")
	assert.False(t, result["flag"] == true)
	assert.Falsef(t, result["flag"] == true, "msg with args %d %s", 42, "42")
	assert.False(t, false == result["flag"])
	assert.Falsef(t, false == result["flag"], "msg with args %d %s", 42, "42")
	assert.False(t, result["flag"] == false)
	assert.Falsef(t, result["flag"] == false, "msg with args %d %s", 42, "42")
	assert.True(t, true != result["flag"])
	assert.Truef(t, true != result["flag"], "msg with args %d %s", 42, "42")
	assert.True(t, result["flag"] != true)
	assert.Truef(t, result["flag"] != true, "msg with args %d %s", 42, "42")
	assert.True(t, false != result["flag"])
	assert.Truef(t, false != result["flag"], "msg with args %d %s", 42, "42")
	assert.True(t, result["flag"] != false)
	assert.Truef(t, result["flag"] != false, "msg with args %d %s", 42, "42")
	assert.False(t, true != result["flag"])
	assert.Falsef(t, true != result["flag"], "msg with args %d %s", 42, "42")
	assert.False(t, result["flag"] != true)
	assert.Falsef(t, result["flag"] != true, "msg with args %d %s", 42, "42")
	assert.False(t, false != result["flag"])
	assert.Falsef(t, false != result["flag"], "msg with args %d %s", 42, "42")
	assert.False(t, result["flag"] != false)
	assert.Falsef(t, result["flag"] != false, "msg with args %d %s", 42, "42")
	assert.Equal(t, foo, foo)
	assert.Equalf(t, foo, foo, "msg with args %d %s", 42, "42")
	assert.NotEqual(t, foo, foo)
	assert.NotEqualf(t, foo, foo, "msg with args %d %s", 42, "42")
	assert.True(t, foo == foo)
	assert.Truef(t, foo == foo, "msg with args %d %s", 42, "42")
	assert.False(t, foo == foo)
	assert.Falsef(t, foo == foo, "msg with args %d %s", 42, "42")
	assert.True(t, foo != foo)
	assert.Truef(t, foo != foo, "msg with args %d %s", 42, "42")
	assert.False(t, foo != foo)
	assert.Falsef(t, foo != foo, "msg with args %d %s", 42, "42")
}
