package pkgalias

import (
	"testing"

	a "github.com/stretchr/testify/assert"
	r "github.com/stretchr/testify/require"
)

func TestPkgAlias(t *testing.T) {
	var predicate bool

	a.True(t, predicate) // want "bool-compare: use a\\.True"
	r.True(t, predicate) // want "bool-compare: use r\\.True"
}
