// Code generated by testifylint/internal/testgen. DO NOT EDIT.

package suitenotestingt

import (
	"testing"

	"github.com/stretchr/testify/suite"
)

type ChatSessionSuite struct {
	suite.Suite
}

func TestChatSessionSuite(t *testing.T) {
	suite.Run(t, &ChatSessionSuite{})
}

func (s *ChatSessionSuite) TestCreateRoom() {
	s.createRoom(&testing.T{})
}

func (s *ChatSessionSuite) TestJoinRoom() {
	s.joinRoom(&testing.T{}, 123)
}

func (suite *ChatSessionSuite) createRoom() { // want "suite-no-testing-t: suite method must not include a testing\\.T parameter"
	suite.Require().True(true)
}

func (suite *ChatSessionSuite) joinRoom(roomID int) { // want "suite-no-testing-t: suite method must not include a testing\\.T parameter"
	suite.Require().Equal(roomID, 123)
}
