// Code generated by testifylint/internal/testgen. DO NOT EDIT.

package len

import (
	"encoding/json"
	"strings"
	"testing"

	"github.com/stretchr/testify/assert"
)

const constNum = 10

func TestLenChecker(t *testing.T) {
	var arr, expArr [3]int
	var value int
	var resp []byte

	// Invalid.
	{
		assert.Len(t, arr, 42)                                            // want "len: use assert\\.Len"
		assert.Lenf(t, arr, 42, "msg with args %d %s", 42, "42")          // want "len: use assert\\.Lenf"
		assert.Len(t, arr, 42)                                            // want "len: use assert\\.Len"
		assert.Lenf(t, arr, 42, "msg with args %d %s", 42, "42")          // want "len: use assert\\.Lenf"
		assert.Len(t, arr, value)                                         // want "len: use assert\\.Len"
		assert.Lenf(t, arr, value, "msg with args %d %s", 42, "42")       // want "len: use assert\\.Lenf"
		assert.Len(t, arr, len(expArr))                                   // want "len: use assert\\.Len"
		assert.Lenf(t, arr, len(expArr), "msg with args %d %s", 42, "42") // want "len: use assert\\.Lenf"
		assert.Len(t, arr, 42)                                            // want "len: use assert\\.Len"
		assert.Lenf(t, arr, 42, "msg with args %d %s", 42, "42")          // want "len: use assert\\.Lenf"
		assert.Len(t, arr, 42)                                            // want "len: use assert\\.Len"
		assert.Lenf(t, arr, 42, "msg with args %d %s", 42, "42")          // want "len: use assert\\.Lenf"
		assert.Len(t, arr, value)                                         // want "len: use assert\\.Len"
		assert.Lenf(t, arr, value, "msg with args %d %s", 42, "42")       // want "len: use assert\\.Lenf"
		assert.Len(t, arr, len(expArr))                                   // want "len: use assert\\.Len"
		assert.Lenf(t, arr, len(expArr), "msg with args %d %s", 42, "42") // want "len: use assert\\.Lenf"
		assert.Len(t, arr, 42)                                            // want "len: use assert\\.Len"
		assert.Lenf(t, arr, 42, "msg with args %d %s", 42, "42")          // want "len: use assert\\.Lenf"
		assert.Len(t, arr, 42)                                            // want "len: use assert\\.Len"
		assert.Lenf(t, arr, 42, "msg with args %d %s", 42, "42")          // want "len: use assert\\.Lenf"
		assert.Len(t, arr, value)                                         // want "len: use assert\\.Len"
		assert.Lenf(t, arr, value, "msg with args %d %s", 42, "42")       // want "len: use assert\\.Lenf"
		assert.Len(t, arr, len(expArr))                                   // want "len: use assert\\.Len"
		assert.Lenf(t, arr, len(expArr), "msg with args %d %s", 42, "42") // want "len: use assert\\.Lenf"
		assert.Len(t, arr, 42)                                            // want "len: use assert\\.Len"
		assert.Lenf(t, arr, 42, "msg with args %d %s", 42, "42")          // want "len: use assert\\.Lenf"
		assert.Len(t, arr, 42)                                            // want "len: use assert\\.Len"
		assert.Lenf(t, arr, 42, "msg with args %d %s", 42, "42")          // want "len: use assert\\.Lenf"
		assert.Len(t, arr, value)                                         // want "len: use assert\\.Len"
		assert.Lenf(t, arr, value, "msg with args %d %s", 42, "42")       // want "len: use assert\\.Lenf"
		assert.Len(t, arr, len(expArr))                                   // want "len: use assert\\.Len"
		assert.Lenf(t, arr, len(expArr), "msg with args %d %s", 42, "42") // want "len: use assert\\.Lenf"
		assert.Len(t, arr, constNum)                                      // want "len: use assert\\.Len"
		assert.Lenf(t, arr, constNum, "msg with args %d %s", 42, "42")    // want "len: use assert\\.Lenf"
		assert.Len(t, arr, constNum)                                      // want "len: use assert\\.Len"
		assert.Lenf(t, arr, constNum, "msg with args %d %s", 42, "42")    // want "len: use assert\\.Lenf"
		assert.Len(t, arr, constNum)                                      // want "len: use assert\\.Len"
		assert.Lenf(t, arr, constNum, "msg with args %d %s", 42, "42")    // want "len: use assert\\.Lenf"
		assert.Len(t, arr, constNum)                                      // want "len: use assert\\.Len"
		assert.Lenf(t, arr, constNum, "msg with args %d %s", 42, "42")    // want "len: use assert\\.Lenf"
		assert.Len(t, resp, 42)                                           // want "len: use assert\\.Len"
		assert.Lenf(t, resp, 42, "msg with args %d %s", 42, "42")         // want "len: use assert\\.Lenf"
		assert.Len(t, resp, 42)                                           // want "len: use assert\\.Len"
		assert.Lenf(t, resp, 42, "msg with args %d %s", 42, "42")         // want "len: use assert\\.Lenf"
		assert.Len(t, resp, 42)                                           // want "len: use assert\\.Len"
		assert.Lenf(t, resp, 42, "msg with args %d %s", 42, "42")         // want "len: use assert\\.Lenf"
		assert.Len(t, resp, 42)                                           // want "len: use assert\\.Len"
		assert.Lenf(t, resp, 42, "msg with args %d %s", 42, "42")         // want "len: use assert\\.Lenf"
		assert.Len(t, resp, 42)                                           // want "len: use assert\\.Len"
		assert.Lenf(t, resp, 42, "msg with args %d %s", 42, "42")         // want "len: use assert\\.Lenf"
		assert.Len(t, resp, 42)                                           // want "len: remove unnecessary type conversion"
		assert.Lenf(t, resp, 42, "msg with args %d %s", 42, "42")         // want "len: remove unnecessary type conversion"
		assert.Len(t, resp, 42)                                           // want "len: remove unnecessary type conversion"
		assert.Lenf(t, resp, 42, "msg with args %d %s", 42, "42")         // want "len: remove unnecessary type conversion"
		assert.Len(t, resp, 42)                                           // want "len: remove unnecessary type conversion"
		assert.Lenf(t, resp, 42, "msg with args %d %s", 42, "42")         // want "len: remove unnecessary type conversion"
		assert.Len(t, resp, 42)                                           // want "len: remove unnecessary type conversion"
		assert.Lenf(t, resp, 42, "msg with args %d %s", 42, "42")         // want "len: remove unnecessary type conversion"
	}

	// Valid.
	{
		assert.Len(t, arr, 42)
		assert.Lenf(t, arr, 42, "msg with args %d %s", 42, "42")
		assert.Len(t, arr, value)
		assert.Lenf(t, arr, value, "msg with args %d %s", 42, "42")
		assert.Len(t, arr, len(arr))
		assert.Lenf(t, arr, len(arr), "msg with args %d %s", 42, "42")
		assert.Len(t, String(10), 10)
		assert.Lenf(t, String(10), 10, "msg with args %d %s", 42, "42")
	}

	// Ignored.
	{
		assert.Equal(t, len(arr), value)
		assert.Equalf(t, len(arr), value, "msg with args %d %s", 42, "42")
		assert.Len(t, String(10), 10)
		assert.Lenf(t, String(10), 10, "msg with args %d %s", 42, "42")
		assert.EqualValues(t, len(arr), value)
		assert.EqualValuesf(t, len(arr), value, "msg with args %d %s", 42, "42")
		assert.Exactly(t, len(arr), value)
		assert.Exactlyf(t, len(arr), value, "msg with args %d %s", 42, "42")
		assert.True(t, value == len(arr))
		assert.Truef(t, value == len(arr), "msg with args %d %s", 42, "42")
		assert.NotEqual(t, 42, len(arr))
		assert.NotEqualf(t, 42, len(arr), "msg with args %d %s", 42, "42")
		assert.NotEqual(t, len(arr), 42)
		assert.NotEqualf(t, len(arr), 42, "msg with args %d %s", 42, "42")
		assert.NotEqualValues(t, 42, len(arr))
		assert.NotEqualValuesf(t, 42, len(arr), "msg with args %d %s", 42, "42")
		assert.NotEqualValues(t, len(arr), 42)
		assert.NotEqualValuesf(t, len(arr), 42, "msg with args %d %s", 42, "42")
		assert.Greater(t, len(arr), 42)
		assert.Greaterf(t, len(arr), 42, "msg with args %d %s", 42, "42")
		assert.Greater(t, 42, len(arr))
		assert.Greaterf(t, 42, len(arr), "msg with args %d %s", 42, "42")
		assert.GreaterOrEqual(t, len(arr), 42)
		assert.GreaterOrEqualf(t, len(arr), 42, "msg with args %d %s", 42, "42")
		assert.GreaterOrEqual(t, 42, len(arr))
		assert.GreaterOrEqualf(t, 42, len(arr), "msg with args %d %s", 42, "42")
		assert.Less(t, len(arr), 42)
		assert.Lessf(t, len(arr), 42, "msg with args %d %s", 42, "42")
		assert.Less(t, 42, len(arr))
		assert.Lessf(t, 42, len(arr), "msg with args %d %s", 42, "42")
		assert.LessOrEqual(t, len(arr), 42)
		assert.LessOrEqualf(t, len(arr), 42, "msg with args %d %s", 42, "42")
		assert.LessOrEqual(t, 42, len(arr))
		assert.LessOrEqualf(t, 42, len(arr), "msg with args %d %s", 42, "42")
		assert.True(t, 42 != len(arr))
		assert.Truef(t, 42 != len(arr), "msg with args %d %s", 42, "42")
		assert.True(t, len(arr) != 42)
		assert.Truef(t, len(arr) != 42, "msg with args %d %s", 42, "42")
		assert.True(t, 42 > len(arr))
		assert.Truef(t, 42 > len(arr), "msg with args %d %s", 42, "42")
		assert.True(t, len(arr) > 42)
		assert.Truef(t, len(arr) > 42, "msg with args %d %s", 42, "42")
		assert.True(t, 42 >= len(arr))
		assert.Truef(t, 42 >= len(arr), "msg with args %d %s", 42, "42")
		assert.True(t, len(arr) >= 42)
		assert.Truef(t, len(arr) >= 42, "msg with args %d %s", 42, "42")
		assert.True(t, 42 < len(arr))
		assert.Truef(t, 42 < len(arr), "msg with args %d %s", 42, "42")
		assert.True(t, len(arr) < 42)
		assert.Truef(t, len(arr) < 42, "msg with args %d %s", 42, "42")
		assert.True(t, 42 <= len(arr))
		assert.Truef(t, 42 <= len(arr), "msg with args %d %s", 42, "42")
		assert.True(t, len(arr) >= 42)
		assert.Truef(t, len(arr) >= 42, "msg with args %d %s", 42, "42")
		assert.False(t, 42 == len(arr))
		assert.Falsef(t, 42 == len(arr), "msg with args %d %s", 42, "42")
		assert.False(t, len(arr) == 42)
		assert.Falsef(t, len(arr) == 42, "msg with args %d %s", 42, "42")
		assert.False(t, 42 != len(arr))
		assert.Falsef(t, 42 != len(arr), "msg with args %d %s", 42, "42")
		assert.False(t, len(arr) != 42)
		assert.Falsef(t, len(arr) != 42, "msg with args %d %s", 42, "42")
		assert.False(t, 42 > len(arr))
		assert.Falsef(t, 42 > len(arr), "msg with args %d %s", 42, "42")
		assert.False(t, len(arr) > 42)
		assert.Falsef(t, len(arr) > 42, "msg with args %d %s", 42, "42")
		assert.False(t, 42 >= len(arr))
		assert.Falsef(t, 42 >= len(arr), "msg with args %d %s", 42, "42")
		assert.False(t, len(arr) >= 42)
		assert.Falsef(t, len(arr) >= 42, "msg with args %d %s", 42, "42")
		assert.False(t, 42 < len(arr))
		assert.Falsef(t, 42 < len(arr), "msg with args %d %s", 42, "42")
		assert.False(t, len(arr) < 42)
		assert.Falsef(t, len(arr) < 42, "msg with args %d %s", 42, "42")
		assert.False(t, 42 <= len(arr))
		assert.Falsef(t, 42 <= len(arr), "msg with args %d %s", 42, "42")
		assert.False(t, len(arr) <= 42)
		assert.Falsef(t, len(arr) <= 42, "msg with args %d %s", 42, "42")
	}
}

func String(n int) string {
	return strings.Repeat("*", n)
}
