// Code generated by testifylint/internal/cmd/testgen. DO NOT EDIT.
package basic

import (
	"testing"

	"github.com/stretchr/testify/assert"
	"github.com/stretchr/testify/require"
	"github.com/stretchr/testify/suite"
)

type SuiteNoExtraAssertCallSuite struct {
	suite.Suite
}

func TestSuiteNoExtraAssertCallSuite(t *testing.T) {
	suite.Run(t, new(SuiteNoExtraAssertCallSuite))
}

func (s *SuiteNoExtraAssertCallSuite) TestAll() {
	var b bool

	t := s.T()
	assObj, reqObj := assert.New(t), require.New(t)
	assObjS, reqObjS := s.Assert(), s.Require()

	s.True(b)                         // want "suite-no-extra-assert-call: need to simplify the check"
	s.True(b, "msg")                  // want "suite-no-extra-assert-call: need to simplify the check"
	s.True(b, "msg with arg %d", 42)  // want "suite-no-extra-assert-call: need to simplify the check"
	s.Truef(b, "msg")                 // want "suite-no-extra-assert-call: need to simplify the check"
	s.Truef(b, "msg with arg %d", 42) // want "suite-no-extra-assert-call: need to simplify the check"

	// Valid.

	{
		assert.True(t, b)
		assert.True(t, b, "msg")
		assert.True(t, b, "msg with arg %d", 42)
		assert.Truef(t, b, "msg")
		assert.Truef(t, b, "msg with arg %d", 42)
	}
	{
		require.True(t, b)
		require.True(t, b, "msg")
		require.True(t, b, "msg with arg %d", 42)
		require.Truef(t, b, "msg")
		require.Truef(t, b, "msg with arg %d", 42)
	}

	{
		assObj.True(b)
		assObj.True(b, "msg")
		assObj.True(b, "msg with arg %d", 42)
		assObj.Truef(b, "msg")
		assObj.Truef(b, "msg with arg %d", 42)
	}
	{
		reqObj.True(b)
		reqObj.True(b, "msg")
		reqObj.True(b, "msg with arg %d", 42)
		reqObj.Truef(b, "msg")
		reqObj.Truef(b, "msg with arg %d", 42)
	}
	{
		assObjS.True(b)
		assObjS.True(b, "msg")
		assObjS.True(b, "msg with arg %d", 42)
		assObjS.Truef(b, "msg")
		assObjS.Truef(b, "msg with arg %d", 42)
	}
	{
		reqObjS.True(b)
		reqObjS.True(b, "msg")
		reqObjS.True(b, "msg with arg %d", 42)
		reqObjS.Truef(b, "msg")
		reqObjS.Truef(b, "msg with arg %d", 42)
	}
	{
		s.True(b)
		s.True(b, "msg")
		s.True(b, "msg with arg %d", 42)
		s.Truef(b, "msg")
		s.Truef(b, "msg with arg %d", 42)
	}
	{
		s.Require().True(b)
		s.Require().True(b, "msg")
		s.Require().True(b, "msg with arg %d", 42)
		s.Require().Truef(b, "msg")
		s.Require().Truef(b, "msg with arg %d", 42)
	}
}
