// Code generated by testifylint/internal/testgen. DO NOT EDIT.
package suitedontusepkg

import (
	"testing"

	"github.com/stretchr/testify/assert"
	"github.com/stretchr/testify/require"
	"github.com/stretchr/testify/suite"
)

func TestSuiteDontUsePkgChecker(t *testing.T) {
	var result any
	assObj, reqObj := assert.New(t), require.New(t)

	assert.Equal(t, 42, result)
	assert.Equalf(t, 42, result, "msg with args %d %s", 42, "42")
	assObj.Equal(42, result)
	assObj.Equalf(42, result, "msg with args %d %s", 42, "42")
	require.Equal(t, 42, result)
	require.Equalf(t, 42, result, "msg with args %d %s", 42, "42")
	reqObj.Equal(42, result)
	reqObj.Equalf(42, result, "msg with args %d %s", 42, "42")
}

type SuiteDontUsePkgCheckerSuite struct {
	suite.Suite
}

func TestSuiteDontUsePkgCheckerSuite(t *testing.T) {
	suite.Run(t, new(SuiteDontUsePkgCheckerSuite))
}

func (s *SuiteDontUsePkgCheckerSuite) TestAll() {
	var result any
	assObj, reqObj := s.Assert(), s.Require()

	s.Equal(42, result)
	s.Equalf(42, result, "msg with args %d %s", 42, "42")
	s.Assert().Equal(42, result)
	s.Assert().Equalf(42, result, "msg with args %d %s", 42, "42")
	s.Require().Equal(42, result)
	s.Require().Equalf(42, result, "msg with args %d %s", 42, "42")
	assObj.Equal(42, result)
	assObj.Equalf(42, result, "msg with args %d %s", 42, "42")
	reqObj.Equal(42, result)
	reqObj.Equalf(42, result, "msg with args %d %s", 42, "42")

	s.Equal(42, result)                                             // want "suite-dont-use-pkg: use s\\.Equal"
	s.Equalf(42, result, "msg with args %d %s", 42, "42")           // want "suite-dont-use-pkg: use s\\.Equalf"
	s.Require().Equal(42, result)                                   // want "suite-dont-use-pkg: use s\\.Require\\(\\)\\.Equal"
	s.Require().Equalf(42, result, "msg with args %d %s", 42, "42") // want "suite-dont-use-pkg: use s\\.Require\\(\\)\\.Equalf"

	s.T().Run("subtest2", func(t *testing.T) {
		var result any
		assObj, reqObj := assert.New(t), require.New(t)

		assert.Equal(t, 42, result)
		assert.Equalf(t, 42, result, "msg with args %d %s", 42, "42")
		assObj.Equal(42, result)
		assObj.Equalf(42, result, "msg with args %d %s", 42, "42")
		require.Equal(t, 42, result)
		require.Equalf(t, 42, result, "msg with args %d %s", 42, "42")
		reqObj.Equal(42, result)
		reqObj.Equalf(42, result, "msg with args %d %s", 42, "42")
	})
}
